Analyzing Halabessa-Card-Game...                                

   info - Use 'const' with the constructor to improve performance - lib\features\auth\presentation\pages\auth_screen.dart:76:9 - prefer_const_constructors
   info - Use 'const' with the constructor to improve performance - lib\features\auth\presentation\pages\auth_screen.dart:76:27 - prefer_const_constructors
   info - Use 'const' with the constructor to improve performance - lib\features\auth\presentation\pages\auth_screen.dart:90:9 - prefer_const_constructors
   info - Use 'const' with the constructor to improve performance - lib\features\auth\presentation\pages\auth_screen.dart:90:27 - prefer_const_constructors
   info - Use the null-aware operator '?.' rather than an explicit 'null' comparison - lib\features\game\domain\models\match_state.dart:151:24 - prefer_null_aware_operators
  error - Undefined class 'AppUser' - lib\features\game\presentation\pages\game_board_screen.dart:13:3 - undefined_class
  error - The method 'AppUser' isn't defined for the type 'GameBoardScreen' - lib\features\game\presentation\pages\game_board_screen.dart:15:30 - undefined_method
  error - The method 'AppUser' isn't defined for the type 'GameBoardScreen' - lib\features\game\presentation\pages\game_board_screen.dart:24:59 - undefined_method
  error - The method 'AppUser' isn't defined for the type 'GameBoardScreen' - lib\features\game\presentation\pages\game_board_screen.dart:29:16 - undefined_method
  error - The method 'AppUser' isn't defined for the type 'GameBoardScreen' - lib\features\game\presentation\pages\game_board_screen.dart:33:13 - undefined_method

